Running Symbolic PathFinder ...
symbolic.dp=choco
symbolic.string_dp_timeout_ms=0
symbolic.string_dp=none
symbolic.choco_time_bound=30000
symbolic.max_pc_length=2147483647
symbolic.max_pc_msec=0
symbolic.bvlength=32
symbolic.min_int=-10
symbolic.min_long=-9223372036854775808
symbolic.min_short=-32768
symbolic.min_byte=-128
symbolic.min_char=0
symbolic.max_int=10
symbolic.max_long=9223372036854775807
symbolic.max_short=32767
symbolic.max_byte=127
symbolic.max_char=65535
symbolic.min_double=4.9E-324
symbolic.max_double=1.7976931348623157E308
----------------------------------- search started
      [skipping static init instructions]
JavaPathfinder core system v8.0 (rev 2345caaa002e15c6147d001d1ccd71e4b538f8e9) - (C) 2005-2014 United States Government. All rights reserved.


====================================================== system under test
FindMin.main()

====================================================== search started: 4/10/26 7:45 PM
		 # choice: gov.nasa.jpf.vm.choice.ThreadChoiceFromSet {id:"ROOT" ,1/1,isCascaded:false}
		 # exposed java.lang.Boolean@bc through exposed java.lang.Boolean
		 # exposed java.lang.Boolean@bd through exposed java.lang.Boolean
		 # exposed java.lang.Class@17 through exposed java.lang.Boolean
		 # exposed java.lang.Class@29 through exposed java.lang.Short
		 # exposed java.lang.Class@2f through exposed java.lang.Integer
		 # exposed java.lang.Class@35 through exposed java.lang.Long
		 # exposed java.lang.Class@3b through exposed java.lang.Float
		 # exposed java.lang.Class@41 through exposed java.lang.Double
		 # exposed java.lang.Class@1d through exposed java.lang.Byte
		 # exposed [Ljava.io.ObjectStreamField;@d3 through exposed java.lang.String
		 # exposed java.lang.String$CaseInsensitiveComparator@da through exposed java.lang.String
		 # exposed java.lang.Thread$State@db through exposed java.lang.Thread$State
		 # exposed java.lang.Thread$State@de through exposed java.lang.Thread$State
		 # exposed java.lang.Thread$State@e1 through exposed java.lang.Thread$State
		 # exposed java.lang.Thread$State@e4 through exposed java.lang.Thread$State
		 # exposed java.lang.Thread$State@e7 through exposed java.lang.Thread$State
		 # exposed java.lang.Thread$State@ea through exposed java.lang.Thread$State
		 # exposed [Ljava.lang.Thread$State;@f0 through exposed java.lang.Thread$State
		 # exposed java.lang.System$1@f4 through exposed java.lang.System
		 # exposed gov.nasa.jpf.ConsoleOutputStream@f8 through exposed java.lang.System
		 # exposed gov.nasa.jpf.ConsoleOutputStream@f9 through exposed java.lang.System
		 # exposed java.util.Properties@10a through exposed java.lang.System
		 # exposed [Ljava.util.Hashtable$Entry;@14d through exposed java.util.Properties@10a
		 # exposed java.lang.Object@154 through exposed sun.misc.VM
		 # exposed java.util.Properties@155 through exposed sun.misc.VM
		 # exposed java.util.Collections$EmptySet@170 through exposed java.util.Collections
		 # exposed java.util.Collections$EmptyList@17d through exposed java.util.Collections
		 # exposed java.util.Collections$EmptyMap@184 through exposed java.util.Collections
		 # exposed java.util.Collections$SynchronizedSet@18b through exposed java.util.Properties@10a
		 # exposed [Ljava.util.Hashtable$Entry;@1a1 through exposed java.util.Properties@155
		 # exposed sun.misc.Unsafe@1c2 through exposed sun.misc.Unsafe
		 # exposed java.lang.System$2@1bb through exposed sun.misc.SharedSecrets
            [FindMin.java:16] : int[] ar = new int[2];
            [FindMin.java:18] : ar[0] = Debug.makeSymbolicInteger("m0");
            [FindMin.java:18] : ar[0] = Debug.makeSymbolicInteger("m0");
New sym int m0 min=-10, max=10
            [FindMin.java:18] : ar[0] = Debug.makeSymbolicInteger("m0");
            [FindMin.java:19] : ar[1] = Debug.makeSymbolicInteger("m1");
New sym int m1 min=-10, max=10
            [FindMin.java:19] : ar[1] = Debug.makeSymbolicInteger("m1");
            [FindMin.java:21] : int r = findMin(ar);
            [FindMin.java:6] : int min = arr[0];
            [FindMin.java:8] : for (int i = 1; i < arr.length; i++)
            [FindMin.java:9] : if (arr[i] < min)
numeric PC: constraint # = 1
m1 >= m0 -> true

### PCs: total:1 sat:1 unsat:0

string analysis: SPC # = 0
NPC constraint # = 1
m1 >= m0
numeric PC: constraint # = 1
m1 < m0 -> true

### PCs: total:2 sat:2 unsat:0

string analysis: SPC # = 0
NPC constraint # = 1
m1 < m0
		 # garbage collection
----------------------------------- [1] forward: 0 new
		 # choice: gov.nasa.jpf.symbc.numeric.PCChoiceGenerator[id="?",isCascaded:false,0..1,delta=+1,cur=0]
            [FindMin.java:9] : if (arr[i] < min)
            [FindMin.java:10] : min = arr[i];
            [FindMin.java:8] : for (int i = 1; i < arr.length; i++)
            [FindMin.java:12] : return min;
numeric PC: constraint # = 1
m1 < m0 -> true

string analysis: SPC # = 0
NPC constraint # = 1
m1[-10] < m0[-9]
*************Summary***************
PC is:constraint # = 1
m1[-10] < m0[-9]
Return is:  m1[-10]
***********************************
            [FindMin.java:21] : int r = findMin(ar);
            [FindMin.java:26] : boolean lessThanOrEqualAll = true;
            [FindMin.java:28] : for (int i = 0; lessThanOrEqualAll && i < ar.length; i++)
            [FindMin.java:29] : lessThanOrEqualAll = (r <= ar[i]);
numeric PC: constraint # = 2
m1 > m0 &&
m1 < m0 -> false

### PCs: total:3 sat:2 unsat:1

numeric PC: constraint # = 2
m1 <= m0 &&
m1 < m0 -> true

### PCs: total:4 sat:3 unsat:1

string analysis: SPC # = 0
NPC constraint # = 2
m1 <= m0 &&
m1 < m0
            [FindMin.java:28] : for (int i = 0; lessThanOrEqualAll && i < ar.length; i++)
            [FindMin.java:29] : lessThanOrEqualAll = (r <= ar[i]);
numeric PC: constraint # = 2
m1 > m1 &&
m1 < m0 -> false

### PCs: total:5 sat:3 unsat:2

numeric PC: constraint # = 2
m1 <= m1 &&
m1 < m0 -> true

### PCs: total:6 sat:4 unsat:2

string analysis: SPC # = 0
NPC constraint # = 2
m1 <= m1 &&
m1 < m0
            [FindMin.java:28] : for (int i = 0; lessThanOrEqualAll && i < ar.length; i++)
            [FindMin.java:31] : assert (lessThanOrEqualAll);
            [FindMin.java:32] : }
		 # thread terminated: main index: 0
            [FindMin.java:3] : public class FindMin {
		 # garbage collection
----------------------------------- [2] forward: 1 new end
----------------------------------- [1] backtrack: 0
		 # choice: gov.nasa.jpf.symbc.numeric.PCChoiceGenerator[id="?",isCascaded:false,0..1,delta=+1,cur=1]
            [FindMin.java:9] : if (arr[i] < min)
            [FindMin.java:8] : for (int i = 1; i < arr.length; i++)
            [FindMin.java:12] : return min;
numeric PC: constraint # = 1
m1 >= m0 -> true

string analysis: SPC # = 0
NPC constraint # = 1
m1[-10] >= m0[-10]
*************Summary***************
PC is:constraint # = 1
m1[-10] >= m0[-10]
Return is:  m0[-10]
***********************************
            [FindMin.java:21] : int r = findMin(ar);
            [FindMin.java:26] : boolean lessThanOrEqualAll = true;
            [FindMin.java:28] : for (int i = 0; lessThanOrEqualAll && i < ar.length; i++)
            [FindMin.java:29] : lessThanOrEqualAll = (r <= ar[i]);
numeric PC: constraint # = 2
m0 > m0 &&
m1 >= m0 -> false

### PCs: total:7 sat:4 unsat:3

numeric PC: constraint # = 2
m0 <= m0 &&
m1 >= m0 -> true

### PCs: total:8 sat:5 unsat:3

string analysis: SPC # = 0
NPC constraint # = 2
m0 <= m0 &&
m1 >= m0
            [FindMin.java:28] : for (int i = 0; lessThanOrEqualAll && i < ar.length; i++)
            [FindMin.java:29] : lessThanOrEqualAll = (r <= ar[i]);
numeric PC: constraint # = 2
m0 > m1 &&
m1 >= m0 -> false

### PCs: total:9 sat:5 unsat:4

numeric PC: constraint # = 2
m0 <= m1 &&
m1 >= m0 -> true

### PCs: total:10 sat:6 unsat:4

string analysis: SPC # = 0
NPC constraint # = 2
m0 <= m1 &&
m1 >= m0
            [FindMin.java:28] : for (int i = 0; lessThanOrEqualAll && i < ar.length; i++)
            [FindMin.java:31] : assert (lessThanOrEqualAll);
            [FindMin.java:32] : }
		 # thread terminated: main index: 0
            [FindMin.java:3] : public class FindMin {
		 # garbage collection
----------------------------------- [2] forward: 2 new end
----------------------------------- [1] backtrack: 0
----------------------------------- [1] done: 0
----------------------------------- [0] backtrack: -1
----------------------------------- [0] done: -1
----------------------------------- search finished

====================================================== Method Summaries
Inputs: arr_CONCRETE,
No path conditions for FindMin.findMin([I@1c3)

====================================================== Method Summaries (HTML)
<h1>Test Cases Generated by Symbolic JavaPath Finder for FindMin.findMin (Path Coverage) </h1>
No path conditions for FindMin.findMin([I@1c3)

====================================================== results
no errors detected

====================================================== statistics
elapsed time:       00:00:00
states:             new=3,visited=0,backtracked=3,end=2
search:             maxDepth=2,constraints=0
choice generators:  thread=1 (signal=0,lock=1,sharedRef=0,threadApi=0,reschedule=0), data=1
heap:               new=458,released=24,maxLive=454,gcCycles=3
instructions:       6472
max memory:         236MB
loaded code:        classes=82,methods=1666

====================================================== search finished: 4/10/26 7:45 PM
